11:52:03 **** Auto Build of configuration Debug for project MVM ****
make pre-build main-build 
a9-linaro-pre-build-step
' '
'Building file: ../src/MVM.c'
'Invoking: ARM v7 gcc compiler'
arm-none-eabi-gcc -Wall -O0 -g3 -c -fmessage-length=0 -MT"src/MVM.o" -mcpu=cortex-a9 -mfpu=vfpv3 -mfloat-abi=hard -I../../MVM_bsp/ps7_cortexa9_0/include -MMD -MP -MF"src/MVM.d" -MT"src/MVM.o" -o "src/MVM.o" "../src/MVM.c"
In file included from ../src/MVM.c:49:0:
../../MVM_bsp/ps7_cortexa9_0/include/xbasic_types.h:115:2: warning: #warning The xbasics_type.h file is deprecated and users should use xil_types.h and xil_assert. [-Wcpp]
 #warning  The xbasics_type.h file is deprecated and users should use xil_types.h and xil_assert.
  ^~~~~~~
../../MVM_bsp/ps7_cortexa9_0/include/xbasic_types.h:116:2: warning: #warning Please refer the Standalone BSP UG647 for further details [-Wcpp]
 #warning  Please refer the Standalone BSP UG647 for further details
  ^~~~~~~
../src/MVM.c: In function 'send_uart':
../src/MVM.c:80:28: warning: passing argument 2 of 'XUartPs_Send' from incompatible pointer type [-Wincompatible-pointer-types]
     XUartPs_Send(&Uart_Ps, &C, 4);
                            ^
In file included from ../src/MVM.c:52:0:
../../MVM_bsp/ps7_cortexa9_0/include/xuartps.h:465:5: note: expected 'u8 * {aka unsigned char *}' but argument is of type 'int **'
 u32 XUartPs_Send(XUartPs *InstancePtr,u8 *BufferPtr,
     ^~~~~~~~~~~~
../src/MVM.c: In function 'matrix_multiplier':
../src/MVM.c:102:39: warning: passing argument 3 of 'XGpio_DiscreteWrite' makes integer from pointer without a cast [-Wint-conversion]
     XGpio_DiscreteWrite(&output_A, 1, &A);
                                       ^
In file included from ../src/MVM.c:53:0:
../../MVM_bsp/ps7_cortexa9_0/include/xgpio.h:184:6: note: expected 'u32 {aka long unsigned int}' but argument is of type 'int **'
 void XGpio_DiscreteWrite(XGpio *InstancePtr, unsigned Channel, u32 Mask);
      ^~~~~~~~~~~~~~~~~~~
../src/MVM.c:103:39: warning: passing argument 3 of 'XGpio_DiscreteWrite' makes integer from pointer without a cast [-Wint-conversion]
     XGpio_DiscreteWrite(&output_B, 1, &B);
                                       ^
In file included from ../src/MVM.c:53:0:
../../MVM_bsp/ps7_cortexa9_0/include/xgpio.h:184:6: note: expected 'u32 {aka long unsigned int}' but argument is of type 'int **'
 void XGpio_DiscreteWrite(XGpio *InstancePtr, unsigned Channel, u32 Mask);
      ^~~~~~~~~~~~~~~~~~~
../src/MVM.c: In function 'main':
../src/MVM.c:131:9: warning: 'A' is used uninitialized in this function [-Wuninitialized]
         recev_matrix(A);
         ^~~~~~~~~~~~~~~
../src/MVM.c:132:9: warning: 'B' is used uninitialized in this function [-Wuninitialized]
         recev_matrix(B);
         ^~~~~~~~~~~~~~~
../src/MVM.c:133:9: warning: 'C' is used uninitialized in this function [-Wuninitialized]
         matrix_multiplier(A, B, C);
         ^~~~~~~~~~~~~~~~~~~~~~~~~~
'Finished building: ../src/MVM.c'
' '
'Building target: MVM.elf'
'Invoking: ARM v7 gcc linker'
arm-none-eabi-gcc -mcpu=cortex-a9 -mfpu=vfpv3 -mfloat-abi=hard -Wl,-build-id=none -specs=Xilinx.spec -Wl,-T -Wl,../src/lscript.ld -L../../MVM_bsp/ps7_cortexa9_0/lib -o "MVM.elf"  ./src/MVM.o ./src/platform.o   -Wl,--start-group,-lxil,-lgcc,-lc,--end-group
'Finished building target: MVM.elf'
' '
'Invoking: ARM v7 Print Size'
arm-none-eabi-size MVM.elf  |tee "MVM.elf.size"
   text	   data	    bss	    dec	    hex	filename
  23336	   1224	  22712	  47272	   b8a8	MVM.elf
'Finished building: MVM.elf.size'
' '

11:52:04 Build Finished (took 1s.266ms)

